13:53:36 [INFO] === Model-based agent ===
13:53:36 [INFO] Training world model...
13:53:36 [INFO] Collected 6588 transitions from real environment
13:53:36 [INFO] WM Epoch 1/20 | Train Loss: 0.018109 | Val Loss: 0.000359
13:53:36 [INFO] WM Epoch 2/20 | Train Loss: 0.000244 | Val Loss: 0.000143
13:53:36 [INFO] WM Epoch 3/20 | Train Loss: 0.000114 | Val Loss: 0.000078
13:53:36 [INFO] WM Epoch 4/20 | Train Loss: 0.000078 | Val Loss: 0.000062
13:53:36 [INFO] WM Epoch 5/20 | Train Loss: 0.000062 | Val Loss: 0.000047
13:53:36 [INFO] WM Epoch 6/20 | Train Loss: 0.000049 | Val Loss: 0.000053
13:53:36 [INFO] WM Epoch 7/20 | Train Loss: 0.000042 | Val Loss: 0.000040
13:53:37 [INFO] WM Epoch 8/20 | Train Loss: 0.000037 | Val Loss: 0.000041
13:53:37 [INFO] WM Epoch 9/20 | Train Loss: 0.000037 | Val Loss: 0.000028
13:53:37 [INFO] WM Epoch 10/20 | Train Loss: 0.000031 | Val Loss: 0.000031
13:53:37 [INFO] WM Epoch 11/20 | Train Loss: 0.000030 | Val Loss: 0.000039
13:53:37 [INFO] WM Epoch 12/20 | Train Loss: 0.000030 | Val Loss: 0.000029
13:53:37 [INFO] WM Epoch 13/20 | Train Loss: 0.000026 | Val Loss: 0.000037
13:53:37 [INFO] WM Epoch 14/20 | Train Loss: 0.000033 | Val Loss: 0.000024
13:53:37 [INFO] WM Epoch 15/20 | Train Loss: 0.000033 | Val Loss: 0.000046
13:53:37 [INFO] WM Epoch 16/20 | Train Loss: 0.000027 | Val Loss: 0.000031
13:53:37 [INFO] WM Epoch 17/20 | Train Loss: 0.000037 | Val Loss: 0.000054
13:53:37 [INFO] WM Epoch 18/20 | Train Loss: 0.000034 | Val Loss: 0.000020
13:53:37 [INFO] WM Epoch 19/20 | Train Loss: 0.000025 | Val Loss: 0.000022
13:53:37 [INFO] WM Epoch 20/20 | Train Loss: 0.000020 | Val Loss: 0.000021
13:53:37 [INFO] World model val metrics — State MSE: 0.000018 | Reward MSE: 0.000039
13:53:37 [INFO] World model saved to artifacts/models/wm.pt
13:53:37 [INFO] World model saved to artifacts/models/wm.pt
13:53:37 [INFO] Training model-based agent on world model (standard)
13:53:37 [INFO] Agent Episode 0/500 - Reward: 18.00
13:53:38 [INFO] Agent Episode 50/500 - Reward: 67.89
13:53:43 [INFO] Agent Episode 100/500 - Reward: 122.72
13:53:48 [INFO] Agent Episode 150/500 - Reward: 216.87
13:53:53 [INFO] Agent Episode 200/500 - Reward: 134.24
13:53:57 [INFO] Agent Episode 250/500 - Reward: 136.59
13:54:01 [INFO] Agent Episode 300/500 - Reward: 157.73
13:54:05 [INFO] Agent Episode 350/500 - Reward: 169.40
13:54:08 [INFO] Agent Episode 400/500 - Reward: 162.50
13:54:13 [INFO] Agent Episode 450/500 - Reward: 183.07
13:54:19 [INFO] model-based agent saved to artifacts/models/agent_modelbased.pt | real interactions: 6588
13:54:19 [INFO] Evaluation (15 eps): mean=16.2, std=5.0, max=33.0
13:54:19 [INFO] === Model-free agent ===
13:54:19 [INFO] Loading model-free agent from artifacts/models/agent_modelfree.pt
13:54:19 [INFO] Evaluation (15 eps): mean=131.1, std=4.9, max=139.0
13:54:19 [INFO] === Random agent ===
13:54:19 [INFO] Evaluation (15 eps): mean=21.4, std=11.8, max=48.0
13:54:19 [INFO] Results — Model-based: 16.2 (real interactions: 6588) | Model-free: 131.1 (real interactions: 0) | Random: 21.4 (real interactions: 0)
