14:03:09 [INFO] === Model-based agent ===
14:03:09 [INFO] Training world model...
14:03:09 [INFO] Collected 6570 transitions from real environment
14:03:10 [INFO] WM Epoch 1/20 | Train Loss: 0.016831 | Val Loss: 0.000428
14:03:10 [INFO] WM Epoch 2/20 | Train Loss: 0.000200 | Val Loss: 0.000143
14:03:10 [INFO] WM Epoch 3/20 | Train Loss: 0.000104 | Val Loss: 0.000098
14:03:10 [INFO] WM Epoch 4/20 | Train Loss: 0.000072 | Val Loss: 0.000073
14:03:10 [INFO] WM Epoch 5/20 | Train Loss: 0.000055 | Val Loss: 0.000056
14:03:10 [INFO] WM Epoch 6/20 | Train Loss: 0.000047 | Val Loss: 0.000052
14:03:10 [INFO] WM Epoch 7/20 | Train Loss: 0.000039 | Val Loss: 0.000043
14:03:10 [INFO] WM Epoch 8/20 | Train Loss: 0.000034 | Val Loss: 0.000046
14:03:10 [INFO] WM Epoch 9/20 | Train Loss: 0.000033 | Val Loss: 0.000041
14:03:10 [INFO] WM Epoch 10/20 | Train Loss: 0.000031 | Val Loss: 0.000044
14:03:10 [INFO] WM Epoch 11/20 | Train Loss: 0.000027 | Val Loss: 0.000030
14:03:10 [INFO] WM Epoch 12/20 | Train Loss: 0.000028 | Val Loss: 0.000029
14:03:10 [INFO] WM Epoch 13/20 | Train Loss: 0.000026 | Val Loss: 0.000025
14:03:11 [INFO] WM Epoch 14/20 | Train Loss: 0.000022 | Val Loss: 0.000031
14:03:11 [INFO] WM Epoch 15/20 | Train Loss: 0.000022 | Val Loss: 0.000026
14:03:11 [INFO] WM Epoch 16/20 | Train Loss: 0.000023 | Val Loss: 0.000027
14:03:11 [INFO] WM Epoch 17/20 | Train Loss: 0.000023 | Val Loss: 0.000047
14:03:11 [INFO] WM Epoch 18/20 | Train Loss: 0.000028 | Val Loss: 0.000029
14:03:11 [INFO] WM Epoch 19/20 | Train Loss: 0.000018 | Val Loss: 0.000020
14:03:11 [INFO] WM Epoch 20/20 | Train Loss: 0.000017 | Val Loss: 0.000023
14:03:11 [INFO] World model val metrics — State MSE: 0.000019 | Reward MSE: 0.000037
14:03:11 [INFO] World model saved to artifacts/models/wm_sweep.pt
14:03:11 [INFO] World model saved to artifacts/models/wm_sweep.pt
14:03:11 [INFO] Training model-based agent on world model (standard)
14:03:11 [INFO] Agent Episode 0/500 - Reward: 19.10
14:03:11 [INFO] Agent Episode 50/500 - Reward: 24.97
14:03:16 [INFO] Agent Episode 100/500 - Reward: 165.51
14:03:19 [INFO] Agent Episode 150/500 - Reward: 75.60
14:03:24 [INFO] Agent Episode 200/500 - Reward: 216.05
14:03:30 [INFO] Agent Episode 250/500 - Reward: 198.86
14:03:36 [INFO] Agent Episode 300/500 - Reward: 197.90
14:03:41 [INFO] Agent Episode 350/500 - Reward: 225.30
14:03:46 [INFO] Agent Episode 400/500 - Reward: 119.84
14:03:49 [INFO] Agent Episode 450/500 - Reward: 93.88
14:03:52 [INFO] model-based agent saved to artifacts/models/agent_modelbased.pt | real interactions: 6570
14:03:52 [INFO] Evaluation (15 eps): mean=10.0, std=1.1, max=13.0
14:03:52 [INFO] === Model-free agent ===
14:03:52 [INFO] Loading model-free agent from artifacts/models/agent_modelfree.pt
14:03:52 [INFO] Evaluation (15 eps): mean=133.7, std=5.6, max=143.0
14:03:52 [INFO] === Random agent ===
14:03:52 [INFO] Evaluation (15 eps): mean=26.5, std=19.2, max=91.0
14:03:52 [INFO] Results — Model-based: 10.0 (real interactions: 6570) | Model-free: 133.7 (real interactions: 0) | Random: 26.5 (real interactions: 0)
14:03:52 [INFO] === Model-based agent ===
14:03:52 [INFO] Training world model...
14:03:52 [INFO] Collected 6839 transitions from real environment
14:03:52 [INFO] WM Epoch 1/20 | Train Loss: 0.020110 | Val Loss: 0.000389
14:03:52 [INFO] WM Epoch 2/20 | Train Loss: 0.000218 | Val Loss: 0.000141
14:03:52 [INFO] WM Epoch 3/20 | Train Loss: 0.000114 | Val Loss: 0.000105
14:03:52 [INFO] WM Epoch 4/20 | Train Loss: 0.000073 | Val Loss: 0.000065
14:03:52 [INFO] WM Epoch 5/20 | Train Loss: 0.000054 | Val Loss: 0.000057
14:03:52 [INFO] WM Epoch 6/20 | Train Loss: 0.000044 | Val Loss: 0.000043
14:03:52 [INFO] WM Epoch 7/20 | Train Loss: 0.000041 | Val Loss: 0.000042
14:03:53 [INFO] WM Epoch 8/20 | Train Loss: 0.000035 | Val Loss: 0.000034
14:03:53 [INFO] WM Epoch 9/20 | Train Loss: 0.000038 | Val Loss: 0.000049
14:03:53 [INFO] WM Epoch 10/20 | Train Loss: 0.000042 | Val Loss: 0.000042
14:03:53 [INFO] WM Epoch 11/20 | Train Loss: 0.000027 | Val Loss: 0.000026
14:03:53 [INFO] WM Epoch 12/20 | Train Loss: 0.000028 | Val Loss: 0.000047
14:03:53 [INFO] WM Epoch 13/20 | Train Loss: 0.000061 | Val Loss: 0.000031
14:03:53 [INFO] WM Epoch 14/20 | Train Loss: 0.000024 | Val Loss: 0.000024
14:03:53 [INFO] WM Epoch 15/20 | Train Loss: 0.000026 | Val Loss: 0.000028
14:03:53 [INFO] WM Epoch 16/20 | Train Loss: 0.000058 | Val Loss: 0.000040
14:03:53 [INFO] WM Epoch 17/20 | Train Loss: 0.000034 | Val Loss: 0.000030
14:03:53 [INFO] WM Epoch 18/20 | Train Loss: 0.000077 | Val Loss: 0.000070
14:03:53 [INFO] WM Epoch 19/20 | Train Loss: 0.000092 | Val Loss: 0.000031
14:03:53 [INFO] WM Epoch 20/20 | Train Loss: 0.000021 | Val Loss: 0.000019
14:03:53 [INFO] World model val metrics — State MSE: 0.000016 | Reward MSE: 0.000033
14:03:53 [INFO] World model saved to artifacts/models/wm_sweep.pt
14:03:53 [INFO] World model saved to artifacts/models/wm_sweep.pt
14:03:53 [INFO] Training model-based agent on world model (standard)
14:03:53 [INFO] Agent Episode 0/500 - Reward: 9.98
14:03:53 [INFO] Agent Episode 50/500 - Reward: 10.07
14:03:58 [INFO] Agent Episode 100/500 - Reward: 152.48
14:04:03 [INFO] Agent Episode 150/500 - Reward: 200.32
14:04:07 [INFO] Agent Episode 200/500 - Reward: 106.36
14:04:13 [INFO] Agent Episode 250/500 - Reward: 198.30
14:04:18 [INFO] Agent Episode 300/500 - Reward: 130.39
14:04:23 [INFO] Agent Episode 350/500 - Reward: 140.28
14:04:27 [INFO] Agent Episode 400/500 - Reward: 122.63
14:04:31 [INFO] Agent Episode 450/500 - Reward: 114.69
14:04:36 [INFO] model-based agent saved to artifacts/models/agent_modelbased.pt | real interactions: 6839
14:04:36 [INFO] Evaluation (15 eps): mean=15.8, std=2.0, max=19.0
14:04:36 [INFO] === Model-free agent ===
14:04:36 [INFO] Loading model-free agent from artifacts/models/agent_modelfree.pt
14:04:36 [INFO] Evaluation (15 eps): mean=131.9, std=5.7, max=143.0
14:04:36 [INFO] === Random agent ===
14:04:36 [INFO] Evaluation (15 eps): mean=24.6, std=13.0, max=62.0
14:04:36 [INFO] Results — Model-based: 15.8 (real interactions: 6839) | Model-free: 131.9 (real interactions: 0) | Random: 24.6 (real interactions: 0)
14:04:36 [INFO] === Model-based agent ===
14:04:36 [INFO] Training world model...
14:04:36 [INFO] Collected 6829 transitions from real environment
14:04:36 [INFO] WM Epoch 1/20 | Train Loss: 0.017184 | Val Loss: 0.000448
14:04:36 [INFO] WM Epoch 2/20 | Train Loss: 0.000216 | Val Loss: 0.000162
14:04:36 [INFO] WM Epoch 3/20 | Train Loss: 0.000106 | Val Loss: 0.000086
14:04:36 [INFO] WM Epoch 4/20 | Train Loss: 0.000078 | Val Loss: 0.000077
14:04:36 [INFO] WM Epoch 5/20 | Train Loss: 0.000059 | Val Loss: 0.000054
14:04:36 [INFO] WM Epoch 6/20 | Train Loss: 0.000054 | Val Loss: 0.000051
14:04:36 [INFO] WM Epoch 7/20 | Train Loss: 0.000046 | Val Loss: 0.000050
14:04:36 [INFO] WM Epoch 8/20 | Train Loss: 0.000038 | Val Loss: 0.000033
14:04:37 [INFO] WM Epoch 9/20 | Train Loss: 0.000033 | Val Loss: 0.000035
14:04:37 [INFO] WM Epoch 10/20 | Train Loss: 0.000049 | Val Loss: 0.000033
14:04:37 [INFO] WM Epoch 11/20 | Train Loss: 0.000076 | Val Loss: 0.000086
14:04:37 [INFO] WM Epoch 12/20 | Train Loss: 0.000042 | Val Loss: 0.000041
14:04:37 [INFO] WM Epoch 13/20 | Train Loss: 0.000028 | Val Loss: 0.000028
14:04:37 [INFO] WM Epoch 14/20 | Train Loss: 0.000029 | Val Loss: 0.000038
14:04:37 [INFO] WM Epoch 15/20 | Train Loss: 0.000027 | Val Loss: 0.000035
14:04:37 [INFO] WM Epoch 16/20 | Train Loss: 0.000024 | Val Loss: 0.000028
14:04:37 [INFO] WM Epoch 17/20 | Train Loss: 0.000038 | Val Loss: 0.000022
14:04:37 [INFO] WM Epoch 18/20 | Train Loss: 0.000025 | Val Loss: 0.000022
14:04:37 [INFO] WM Epoch 19/20 | Train Loss: 0.000021 | Val Loss: 0.000027
14:04:37 [INFO] WM Epoch 20/20 | Train Loss: 0.000026 | Val Loss: 0.000036
14:04:37 [INFO] World model val metrics — State MSE: 0.000032 | Reward MSE: 0.000038
14:04:37 [INFO] World model saved to artifacts/models/wm_sweep.pt
14:04:37 [INFO] World model saved to artifacts/models/wm_sweep.pt
14:04:37 [INFO] Training model-based agent on world model (standard)
14:04:37 [INFO] Agent Episode 0/500 - Reward: 26.91
14:04:38 [INFO] Agent Episode 50/500 - Reward: 36.99
14:04:43 [INFO] Agent Episode 100/500 - Reward: 202.14
14:04:48 [INFO] Agent Episode 150/500 - Reward: 200.21
14:04:53 [INFO] Agent Episode 200/500 - Reward: 143.15
14:04:57 [INFO] Agent Episode 250/500 - Reward: 149.62
14:05:02 [INFO] Agent Episode 300/500 - Reward: 211.87
14:05:07 [INFO] Agent Episode 350/500 - Reward: 211.43
14:05:13 [INFO] Agent Episode 400/500 - Reward: 110.43
14:05:19 [INFO] Agent Episode 450/500 - Reward: 202.35
14:05:25 [INFO] model-based agent saved to artifacts/models/agent_modelbased.pt | real interactions: 6829
14:05:25 [INFO] Evaluation (15 eps): mean=13.1, std=1.4, max=16.0
14:05:25 [INFO] === Model-free agent ===
14:05:25 [INFO] Loading model-free agent from artifacts/models/agent_modelfree.pt
14:05:25 [INFO] Evaluation (15 eps): mean=132.7, std=6.4, max=151.0
14:05:25 [INFO] === Random agent ===
14:05:25 [INFO] Evaluation (15 eps): mean=28.7, std=20.6, max=92.0
14:05:25 [INFO] Results — Model-based: 13.1 (real interactions: 6829) | Model-free: 132.7 (real interactions: 0) | Random: 28.7 (real interactions: 0)
14:05:25 [INFO] === Model-based agent ===
14:05:25 [INFO] Training world model...
14:05:25 [INFO] Collected 6795 transitions from real environment
14:05:25 [INFO] WM Epoch 1/20 | Train Loss: 0.017290 | Val Loss: 0.000337
14:05:25 [INFO] WM Epoch 2/20 | Train Loss: 0.000206 | Val Loss: 0.000138
14:05:25 [INFO] WM Epoch 3/20 | Train Loss: 0.000114 | Val Loss: 0.000086
14:05:25 [INFO] WM Epoch 4/20 | Train Loss: 0.000079 | Val Loss: 0.000072
14:05:25 [INFO] WM Epoch 5/20 | Train Loss: 0.000064 | Val Loss: 0.000053
14:05:25 [INFO] WM Epoch 6/20 | Train Loss: 0.000055 | Val Loss: 0.000048
14:05:25 [INFO] WM Epoch 7/20 | Train Loss: 0.000047 | Val Loss: 0.000041
14:05:25 [INFO] WM Epoch 8/20 | Train Loss: 0.000038 | Val Loss: 0.000034
14:05:25 [INFO] WM Epoch 9/20 | Train Loss: 0.000042 | Val Loss: 0.000040
14:05:25 [INFO] WM Epoch 10/20 | Train Loss: 0.000033 | Val Loss: 0.000028
14:05:25 [INFO] WM Epoch 11/20 | Train Loss: 0.000042 | Val Loss: 0.000031
14:05:25 [INFO] WM Epoch 12/20 | Train Loss: 0.000035 | Val Loss: 0.000027
14:05:25 [INFO] WM Epoch 13/20 | Train Loss: 0.000033 | Val Loss: 0.000048
14:05:25 [INFO] WM Epoch 14/20 | Train Loss: 0.000034 | Val Loss: 0.000031
14:05:26 [INFO] WM Epoch 15/20 | Train Loss: 0.000036 | Val Loss: 0.000026
14:05:26 [INFO] WM Epoch 16/20 | Train Loss: 0.000023 | Val Loss: 0.000026
14:05:26 [INFO] WM Epoch 17/20 | Train Loss: 0.000026 | Val Loss: 0.000017
14:05:26 [INFO] WM Epoch 18/20 | Train Loss: 0.000017 | Val Loss: 0.000019
14:05:26 [INFO] WM Epoch 19/20 | Train Loss: 0.000047 | Val Loss: 0.000047
14:05:26 [INFO] WM Epoch 20/20 | Train Loss: 0.000031 | Val Loss: 0.000039
14:05:26 [INFO] World model val metrics — State MSE: 0.000031 | Reward MSE: 0.000078
14:05:26 [INFO] World model saved to artifacts/models/wm_sweep.pt
14:05:26 [INFO] World model saved to artifacts/models/wm_sweep.pt
14:05:26 [INFO] Training model-based agent on world model (standard)
14:05:26 [INFO] Agent Episode 0/500 - Reward: 25.09
14:05:26 [INFO] Agent Episode 50/500 - Reward: 10.11
14:05:30 [INFO] Agent Episode 100/500 - Reward: 196.94
14:05:50 [INFO] Agent Episode 150/500 - Reward: 17.04
14:05:54 [INFO] Agent Episode 200/500 - Reward: 166.66
14:06:01 [INFO] Agent Episode 250/500 - Reward: 142.36
14:07:38 [INFO] Agent Episode 300/500 - Reward: 109.05
14:07:41 [INFO] Agent Episode 350/500 - Reward: 125.66
14:08:47 [INFO] Agent Episode 400/500 - Reward: 108.63
14:08:50 [INFO] Agent Episode 450/500 - Reward: 95.74
14:08:53 [INFO] model-based agent saved to artifacts/models/agent_modelbased.pt | real interactions: 6795
14:08:53 [INFO] Evaluation (15 eps): mean=13.1, std=1.8, max=16.0
14:08:53 [INFO] === Model-free agent ===
14:08:53 [INFO] Loading model-free agent from artifacts/models/agent_modelfree.pt
14:08:53 [INFO] Evaluation (15 eps): mean=131.6, std=3.7, max=140.0
14:08:53 [INFO] === Random agent ===
14:08:53 [INFO] Evaluation (15 eps): mean=19.7, std=9.6, max=46.0
14:08:53 [INFO] Results — Model-based: 13.1 (real interactions: 6795) | Model-free: 131.6 (real interactions: 0) | Random: 19.7 (real interactions: 0)
14:08:53 [INFO] === Model-based agent ===
14:08:53 [INFO] Training world model...
14:08:53 [INFO] Collected 6896 transitions from real environment
14:08:54 [INFO] WM Epoch 1/20 | Train Loss: 0.018760 | Val Loss: 0.000423
14:08:54 [INFO] WM Epoch 2/20 | Train Loss: 0.000229 | Val Loss: 0.000154
14:08:54 [INFO] WM Epoch 3/20 | Train Loss: 0.000112 | Val Loss: 0.000096
14:08:54 [INFO] WM Epoch 4/20 | Train Loss: 0.000071 | Val Loss: 0.000073
14:08:54 [INFO] WM Epoch 5/20 | Train Loss: 0.000054 | Val Loss: 0.000053
14:08:54 [INFO] WM Epoch 6/20 | Train Loss: 0.000045 | Val Loss: 0.000065
14:08:54 [INFO] WM Epoch 7/20 | Train Loss: 0.000048 | Val Loss: 0.000039
14:08:54 [INFO] WM Epoch 8/20 | Train Loss: 0.000030 | Val Loss: 0.000044
14:08:54 [INFO] WM Epoch 9/20 | Train Loss: 0.000029 | Val Loss: 0.000034
14:08:54 [INFO] WM Epoch 10/20 | Train Loss: 0.000026 | Val Loss: 0.000037
14:08:54 [INFO] WM Epoch 11/20 | Train Loss: 0.000029 | Val Loss: 0.000030
14:08:54 [INFO] WM Epoch 12/20 | Train Loss: 0.000025 | Val Loss: 0.000023
14:08:54 [INFO] WM Epoch 13/20 | Train Loss: 0.000019 | Val Loss: 0.000027
14:08:54 [INFO] WM Epoch 14/20 | Train Loss: 0.000018 | Val Loss: 0.000022
14:08:54 [INFO] WM Epoch 15/20 | Train Loss: 0.000018 | Val Loss: 0.000031
14:08:54 [INFO] WM Epoch 16/20 | Train Loss: 0.000020 | Val Loss: 0.000029
14:08:54 [INFO] WM Epoch 17/20 | Train Loss: 0.000020 | Val Loss: 0.000025
14:08:54 [INFO] WM Epoch 18/20 | Train Loss: 0.000018 | Val Loss: 0.000022
14:08:54 [INFO] WM Epoch 19/20 | Train Loss: 0.000018 | Val Loss: 0.000060
14:08:54 [INFO] WM Epoch 20/20 | Train Loss: 0.000022 | Val Loss: 0.000023
14:08:54 [INFO] World model val metrics — State MSE: 0.000019 | Reward MSE: 0.000037
14:08:54 [INFO] World model saved to artifacts/models/wm_sweep.pt
14:08:54 [INFO] World model saved to artifacts/models/wm_sweep.pt
14:08:54 [INFO] Training model-based agent on world model (standard)
14:08:54 [INFO] Agent Episode 0/500 - Reward: 32.06
14:08:55 [INFO] Agent Episode 50/500 - Reward: 10.03
14:08:59 [INFO] Agent Episode 100/500 - Reward: 98.77
14:09:03 [INFO] Agent Episode 150/500 - Reward: 201.69
14:09:09 [INFO] Agent Episode 200/500 - Reward: 200.42
14:09:16 [INFO] Agent Episode 250/500 - Reward: 205.60
14:09:20 [INFO] Agent Episode 300/500 - Reward: 80.36
14:09:23 [INFO] Agent Episode 350/500 - Reward: 148.59
14:09:25 [INFO] Agent Episode 400/500 - Reward: 201.68
14:09:30 [INFO] Agent Episode 450/500 - Reward: 128.22
14:09:35 [INFO] model-based agent saved to artifacts/models/agent_modelbased.pt | real interactions: 6896
14:09:35 [INFO] Evaluation (15 eps): mean=21.4, std=1.9, max=25.0
14:09:35 [INFO] === Model-free agent ===
14:09:35 [INFO] Loading model-free agent from artifacts/models/agent_modelfree.pt
14:09:35 [INFO] Evaluation (15 eps): mean=134.1, std=6.2, max=144.0
14:09:35 [INFO] === Random agent ===
14:09:35 [INFO] Evaluation (15 eps): mean=22.1, std=6.3, max=34.0
14:09:35 [INFO] Results — Model-based: 21.4 (real interactions: 6896) | Model-free: 134.1 (real interactions: 0) | Random: 22.1 (real interactions: 0)
14:09:35 [INFO] === Model-based agent ===
14:09:35 [INFO] Training world model...
14:09:35 [INFO] Collected 6743 transitions from real environment
14:09:35 [INFO] WM Epoch 1/20 | Train Loss: 0.015231 | Val Loss: 0.000413
14:09:35 [INFO] WM Epoch 2/20 | Train Loss: 0.000229 | Val Loss: 0.000142
14:09:35 [INFO] WM Epoch 3/20 | Train Loss: 0.000114 | Val Loss: 0.000086
14:09:35 [INFO] WM Epoch 4/20 | Train Loss: 0.000081 | Val Loss: 0.000084
14:09:35 [INFO] WM Epoch 5/20 | Train Loss: 0.000066 | Val Loss: 0.000061
14:09:35 [INFO] WM Epoch 6/20 | Train Loss: 0.000058 | Val Loss: 0.000051
14:09:35 [INFO] WM Epoch 7/20 | Train Loss: 0.000044 | Val Loss: 0.000041
14:09:35 [INFO] WM Epoch 8/20 | Train Loss: 0.000041 | Val Loss: 0.000035
14:09:35 [INFO] WM Epoch 9/20 | Train Loss: 0.000036 | Val Loss: 0.000041
14:09:35 [INFO] WM Epoch 10/20 | Train Loss: 0.000036 | Val Loss: 0.000033
14:09:36 [INFO] WM Epoch 11/20 | Train Loss: 0.000032 | Val Loss: 0.000028
14:09:36 [INFO] WM Epoch 12/20 | Train Loss: 0.000029 | Val Loss: 0.000039
14:09:36 [INFO] WM Epoch 13/20 | Train Loss: 0.000026 | Val Loss: 0.000023
14:09:36 [INFO] WM Epoch 14/20 | Train Loss: 0.000026 | Val Loss: 0.000021
14:09:36 [INFO] WM Epoch 15/20 | Train Loss: 0.000022 | Val Loss: 0.000034
14:09:36 [INFO] WM Epoch 16/20 | Train Loss: 0.000021 | Val Loss: 0.000028
14:09:36 [INFO] WM Epoch 17/20 | Train Loss: 0.000023 | Val Loss: 0.000029
14:09:36 [INFO] WM Epoch 18/20 | Train Loss: 0.000021 | Val Loss: 0.000032
14:09:36 [INFO] WM Epoch 19/20 | Train Loss: 0.000021 | Val Loss: 0.000020
14:09:36 [INFO] WM Epoch 20/20 | Train Loss: 0.000022 | Val Loss: 0.000026
14:09:36 [INFO] World model val metrics — State MSE: 0.000022 | Reward MSE: 0.000050
14:09:36 [INFO] World model saved to artifacts/models/wm_sweep.pt
14:09:36 [INFO] World model saved to artifacts/models/wm_sweep.pt
14:09:36 [INFO] Training model-based agent on world model (standard)
14:09:36 [INFO] Agent Episode 0/500 - Reward: 17.99
14:09:36 [INFO] Agent Episode 50/500 - Reward: 42.12
14:09:40 [INFO] Agent Episode 100/500 - Reward: 157.37
14:09:45 [INFO] Agent Episode 150/500 - Reward: 159.48
14:09:49 [INFO] Agent Episode 200/500 - Reward: 124.36
14:09:52 [INFO] Agent Episode 250/500 - Reward: 120.96
14:09:56 [INFO] Agent Episode 300/500 - Reward: 113.06
14:09:59 [INFO] Agent Episode 350/500 - Reward: 126.00
14:10:03 [INFO] Agent Episode 400/500 - Reward: 106.03
14:10:06 [INFO] Agent Episode 450/500 - Reward: 126.35
14:10:09 [INFO] model-based agent saved to artifacts/models/agent_modelbased.pt | real interactions: 6743
14:10:09 [INFO] Evaluation (15 eps): mean=11.3, std=1.1, max=13.0
14:10:09 [INFO] === Model-free agent ===
14:10:09 [INFO] Loading model-free agent from artifacts/models/agent_modelfree.pt
14:10:09 [INFO] Evaluation (15 eps): mean=133.7, std=4.9, max=144.0
14:10:09 [INFO] === Random agent ===
14:10:09 [INFO] Evaluation (15 eps): mean=20.0, std=12.4, max=63.0
14:10:09 [INFO] Results — Model-based: 11.3 (real interactions: 6743) | Model-free: 133.7 (real interactions: 0) | Random: 20.0 (real interactions: 0)
14:10:09 [INFO] === Model-based agent ===
14:10:09 [INFO] Training world model...
14:10:09 [INFO] Collected 6725 transitions from real environment
14:10:09 [INFO] WM Epoch 1/20 | Train Loss: 0.018106 | Val Loss: 0.000428
14:10:09 [INFO] WM Epoch 2/20 | Train Loss: 0.000232 | Val Loss: 0.000149
14:10:09 [INFO] WM Epoch 3/20 | Train Loss: 0.000109 | Val Loss: 0.000094
14:10:09 [INFO] WM Epoch 4/20 | Train Loss: 0.000076 | Val Loss: 0.000072
14:10:09 [INFO] WM Epoch 5/20 | Train Loss: 0.000059 | Val Loss: 0.000064
14:10:09 [INFO] WM Epoch 6/20 | Train Loss: 0.000056 | Val Loss: 0.000049
14:10:09 [INFO] WM Epoch 7/20 | Train Loss: 0.000044 | Val Loss: 0.000050
14:10:09 [INFO] WM Epoch 8/20 | Train Loss: 0.000038 | Val Loss: 0.000081
14:10:09 [INFO] WM Epoch 9/20 | Train Loss: 0.000040 | Val Loss: 0.000039
14:10:10 [INFO] WM Epoch 10/20 | Train Loss: 0.000031 | Val Loss: 0.000038
14:10:10 [INFO] WM Epoch 11/20 | Train Loss: 0.000031 | Val Loss: 0.000034
14:10:10 [INFO] WM Epoch 12/20 | Train Loss: 0.000026 | Val Loss: 0.000031
14:10:10 [INFO] WM Epoch 13/20 | Train Loss: 0.000027 | Val Loss: 0.000138
14:10:10 [INFO] WM Epoch 14/20 | Train Loss: 0.000036 | Val Loss: 0.000022
14:10:10 [INFO] WM Epoch 15/20 | Train Loss: 0.000020 | Val Loss: 0.000034
14:10:10 [INFO] WM Epoch 16/20 | Train Loss: 0.000020 | Val Loss: 0.000034
14:10:10 [INFO] WM Epoch 17/20 | Train Loss: 0.000023 | Val Loss: 0.000034
14:10:10 [INFO] WM Epoch 18/20 | Train Loss: 0.000018 | Val Loss: 0.000024
14:10:10 [INFO] WM Epoch 19/20 | Train Loss: 0.000019 | Val Loss: 0.000025
14:10:10 [INFO] WM Epoch 20/20 | Train Loss: 0.000019 | Val Loss: 0.000021
14:10:10 [INFO] World model val metrics — State MSE: 0.000017 | Reward MSE: 0.000039
14:10:10 [INFO] World model saved to artifacts/models/wm_sweep.pt
14:10:10 [INFO] World model saved to artifacts/models/wm_sweep.pt
14:10:10 [INFO] Training model-based agent on world model (standard)
14:10:10 [INFO] Agent Episode 0/500 - Reward: 24.03
14:10:11 [INFO] Agent Episode 50/500 - Reward: 16.16
14:10:15 [INFO] Agent Episode 100/500 - Reward: 200.74
14:10:20 [INFO] Agent Episode 150/500 - Reward: 135.96
14:10:24 [INFO] Agent Episode 200/500 - Reward: 186.13
14:10:29 [INFO] Agent Episode 250/500 - Reward: 206.51
14:10:34 [INFO] Agent Episode 300/500 - Reward: 230.86
14:10:39 [INFO] Agent Episode 350/500 - Reward: 125.54
14:10:44 [INFO] Agent Episode 400/500 - Reward: 227.12
14:10:49 [INFO] Agent Episode 450/500 - Reward: 248.96
14:10:54 [INFO] model-based agent saved to artifacts/models/agent_modelbased.pt | real interactions: 6725
14:10:54 [INFO] Evaluation (15 eps): mean=82.7, std=9.5, max=99.0
14:10:54 [INFO] New best agent saved with avg reward: 82.7 (previous best: 31.5)
14:10:54 [INFO] === Model-free agent ===
14:10:54 [INFO] Loading model-free agent from artifacts/models/agent_modelfree.pt
14:10:54 [INFO] Evaluation (15 eps): mean=132.5, std=5.4, max=141.0
14:10:54 [INFO] === Random agent ===
14:10:54 [INFO] Evaluation (15 eps): mean=25.6, std=11.4, max=51.0
14:10:54 [INFO] Results — Model-based: 82.7 (real interactions: 6725) | Model-free: 132.5 (real interactions: 0) | Random: 25.6 (real interactions: 0)
14:10:54 [INFO] === Model-based agent ===
14:10:54 [INFO] Training world model...
14:10:55 [INFO] Collected 6499 transitions from real environment
14:10:55 [INFO] WM Epoch 1/20 | Train Loss: 0.020754 | Val Loss: 0.000523
14:10:55 [INFO] WM Epoch 2/20 | Train Loss: 0.000265 | Val Loss: 0.000140
14:10:55 [INFO] WM Epoch 3/20 | Train Loss: 0.000111 | Val Loss: 0.000104
14:10:55 [INFO] WM Epoch 4/20 | Train Loss: 0.000081 | Val Loss: 0.000058
14:10:55 [INFO] WM Epoch 5/20 | Train Loss: 0.000058 | Val Loss: 0.000067
14:10:55 [INFO] WM Epoch 6/20 | Train Loss: 0.000047 | Val Loss: 0.000049
14:10:55 [INFO] WM Epoch 7/20 | Train Loss: 0.000039 | Val Loss: 0.000035
14:10:55 [INFO] WM Epoch 8/20 | Train Loss: 0.000035 | Val Loss: 0.000032
14:10:55 [INFO] WM Epoch 9/20 | Train Loss: 0.000035 | Val Loss: 0.000033
14:10:55 [INFO] WM Epoch 10/20 | Train Loss: 0.000034 | Val Loss: 0.000033
14:10:55 [INFO] WM Epoch 11/20 | Train Loss: 0.000030 | Val Loss: 0.000029
14:10:55 [INFO] WM Epoch 12/20 | Train Loss: 0.000028 | Val Loss: 0.000023
14:10:55 [INFO] WM Epoch 13/20 | Train Loss: 0.000021 | Val Loss: 0.000024
14:10:55 [INFO] WM Epoch 14/20 | Train Loss: 0.000021 | Val Loss: 0.000027
14:10:55 [INFO] WM Epoch 15/20 | Train Loss: 0.000020 | Val Loss: 0.000020
14:10:55 [INFO] WM Epoch 16/20 | Train Loss: 0.000019 | Val Loss: 0.000029
14:10:55 [INFO] WM Epoch 17/20 | Train Loss: 0.000019 | Val Loss: 0.000021
14:10:55 [INFO] WM Epoch 18/20 | Train Loss: 0.000022 | Val Loss: 0.000057
14:10:55 [INFO] WM Epoch 19/20 | Train Loss: 0.000055 | Val Loss: 0.000044
14:10:55 [INFO] WM Epoch 20/20 | Train Loss: 0.000023 | Val Loss: 0.000020
14:10:55 [INFO] World model val metrics — State MSE: 0.000016 | Reward MSE: 0.000033
14:10:55 [INFO] World model saved to artifacts/models/wm_sweep.pt
14:10:55 [INFO] World model saved to artifacts/models/wm_sweep.pt
14:10:55 [INFO] Training model-based agent on world model (standard)
14:10:55 [INFO] Agent Episode 0/500 - Reward: 23.97
14:10:56 [INFO] Agent Episode 50/500 - Reward: 8.96
14:10:59 [INFO] Agent Episode 100/500 - Reward: 205.86
14:11:03 [INFO] Agent Episode 150/500 - Reward: 154.00
14:11:06 [INFO] Agent Episode 200/500 - Reward: 162.38
14:11:11 [INFO] Agent Episode 250/500 - Reward: 197.46
14:11:15 [INFO] Agent Episode 300/500 - Reward: 209.17
14:11:20 [INFO] Agent Episode 350/500 - Reward: 199.30
14:11:25 [INFO] Agent Episode 400/500 - Reward: 179.25
14:11:28 [INFO] Agent Episode 450/500 - Reward: 154.46
14:11:33 [INFO] model-based agent saved to artifacts/models/agent_modelbased.pt | real interactions: 6499
14:11:33 [INFO] Evaluation (15 eps): mean=123.3, std=23.5, max=187.0
14:11:33 [INFO] New best agent saved with avg reward: 123.3 (previous best: 82.7)
14:11:33 [INFO] === Model-free agent ===
14:11:33 [INFO] Loading model-free agent from artifacts/models/agent_modelfree.pt
14:11:33 [INFO] Evaluation (15 eps): mean=134.3, std=6.0, max=148.0
14:11:33 [INFO] === Random agent ===
14:11:33 [INFO] Evaluation (15 eps): mean=15.9, std=5.3, max=32.0
14:11:33 [INFO] Results — Model-based: 123.3 (real interactions: 6499) | Model-free: 134.3 (real interactions: 0) | Random: 15.9 (real interactions: 0)
14:11:33 [INFO] === Model-based agent ===
14:11:33 [INFO] Training world model...
14:11:33 [INFO] Collected 6719 transitions from real environment
14:11:33 [INFO] WM Epoch 1/20 | Train Loss: 0.018873 | Val Loss: 0.000449
14:11:33 [INFO] WM Epoch 2/20 | Train Loss: 0.000231 | Val Loss: 0.000159
14:11:34 [INFO] WM Epoch 3/20 | Train Loss: 0.000113 | Val Loss: 0.000098
14:11:34 [INFO] WM Epoch 4/20 | Train Loss: 0.000080 | Val Loss: 0.000071
14:11:34 [INFO] WM Epoch 5/20 | Train Loss: 0.000061 | Val Loss: 0.000060
14:11:34 [INFO] WM Epoch 6/20 | Train Loss: 0.000050 | Val Loss: 0.000048
14:11:34 [INFO] WM Epoch 7/20 | Train Loss: 0.000042 | Val Loss: 0.000041
14:11:34 [INFO] WM Epoch 8/20 | Train Loss: 0.000037 | Val Loss: 0.000044
14:11:34 [INFO] WM Epoch 9/20 | Train Loss: 0.000033 | Val Loss: 0.000031
14:11:34 [INFO] WM Epoch 10/20 | Train Loss: 0.000029 | Val Loss: 0.000029
14:11:34 [INFO] WM Epoch 11/20 | Train Loss: 0.000028 | Val Loss: 0.000033
14:11:34 [INFO] WM Epoch 12/20 | Train Loss: 0.000026 | Val Loss: 0.000027
14:11:34 [INFO] WM Epoch 13/20 | Train Loss: 0.000023 | Val Loss: 0.000025
14:11:34 [INFO] WM Epoch 14/20 | Train Loss: 0.000022 | Val Loss: 0.000028
14:11:34 [INFO] WM Epoch 15/20 | Train Loss: 0.000021 | Val Loss: 0.000022
14:11:34 [INFO] WM Epoch 16/20 | Train Loss: 0.000021 | Val Loss: 0.000026
14:11:34 [INFO] WM Epoch 17/20 | Train Loss: 0.000023 | Val Loss: 0.000024
14:11:34 [INFO] WM Epoch 18/20 | Train Loss: 0.000019 | Val Loss: 0.000019
14:11:34 [INFO] WM Epoch 19/20 | Train Loss: 0.000018 | Val Loss: 0.000019
14:11:34 [INFO] WM Epoch 20/20 | Train Loss: 0.000017 | Val Loss: 0.000021
14:11:34 [INFO] World model val metrics — State MSE: 0.000018 | Reward MSE: 0.000034
14:11:34 [INFO] World model saved to artifacts/models/wm_sweep.pt
14:11:34 [INFO] World model saved to artifacts/models/wm_sweep.pt
14:11:34 [INFO] Training model-based agent on world model (standard)
14:11:34 [INFO] Agent Episode 0/500 - Reward: 38.17
14:11:35 [INFO] Agent Episode 50/500 - Reward: 30.03
14:11:39 [INFO] Agent Episode 100/500 - Reward: 206.71
14:11:45 [INFO] Agent Episode 150/500 - Reward: 213.14
14:11:49 [INFO] Agent Episode 200/500 - Reward: 173.47
14:11:53 [INFO] Agent Episode 250/500 - Reward: 104.16
14:11:56 [INFO] Agent Episode 300/500 - Reward: 101.33
14:12:00 [INFO] Agent Episode 350/500 - Reward: 34.98
14:12:05 [INFO] Agent Episode 400/500 - Reward: 222.06
14:12:10 [INFO] Agent Episode 450/500 - Reward: 219.06
14:12:15 [INFO] model-based agent saved to artifacts/models/agent_modelbased.pt | real interactions: 6719
14:12:15 [INFO] Evaluation (15 eps): mean=22.5, std=4.7, max=30.0
14:12:15 [INFO] === Model-free agent ===
14:12:15 [INFO] Loading model-free agent from artifacts/models/agent_modelfree.pt
14:12:15 [INFO] Evaluation (15 eps): mean=131.7, std=5.7, max=143.0
14:12:15 [INFO] === Random agent ===
14:12:15 [INFO] Evaluation (15 eps): mean=20.8, std=7.5, max=33.0
14:12:15 [INFO] Results — Model-based: 22.5 (real interactions: 6719) | Model-free: 131.7 (real interactions: 0) | Random: 20.8 (real interactions: 0)
14:12:15 [INFO] === Model-based agent ===
14:12:15 [INFO] Training world model...
14:12:15 [INFO] Collected 6540 transitions from real environment
14:12:15 [INFO] WM Epoch 1/20 | Train Loss: 0.018217 | Val Loss: 0.000403
14:12:15 [INFO] WM Epoch 2/20 | Train Loss: 0.000234 | Val Loss: 0.000157
14:12:15 [INFO] WM Epoch 3/20 | Train Loss: 0.000126 | Val Loss: 0.000092
14:12:15 [INFO] WM Epoch 4/20 | Train Loss: 0.000078 | Val Loss: 0.000068
14:12:15 [INFO] WM Epoch 5/20 | Train Loss: 0.000060 | Val Loss: 0.000054
14:12:15 [INFO] WM Epoch 6/20 | Train Loss: 0.000047 | Val Loss: 0.000045
14:12:15 [INFO] WM Epoch 7/20 | Train Loss: 0.000040 | Val Loss: 0.000037
14:12:15 [INFO] WM Epoch 8/20 | Train Loss: 0.000037 | Val Loss: 0.000039
14:12:15 [INFO] WM Epoch 9/20 | Train Loss: 0.000034 | Val Loss: 0.000029
14:12:15 [INFO] WM Epoch 10/20 | Train Loss: 0.000031 | Val Loss: 0.000030
14:12:15 [INFO] WM Epoch 11/20 | Train Loss: 0.000029 | Val Loss: 0.000051
14:12:15 [INFO] WM Epoch 12/20 | Train Loss: 0.000028 | Val Loss: 0.000026
14:12:16 [INFO] WM Epoch 13/20 | Train Loss: 0.000025 | Val Loss: 0.000024
14:12:16 [INFO] WM Epoch 14/20 | Train Loss: 0.000024 | Val Loss: 0.000023
14:12:16 [INFO] WM Epoch 15/20 | Train Loss: 0.000022 | Val Loss: 0.000023
14:12:16 [INFO] WM Epoch 16/20 | Train Loss: 0.000027 | Val Loss: 0.000027
14:12:16 [INFO] WM Epoch 17/20 | Train Loss: 0.000021 | Val Loss: 0.000025
14:12:16 [INFO] WM Epoch 18/20 | Train Loss: 0.000022 | Val Loss: 0.000085
14:12:16 [INFO] WM Epoch 19/20 | Train Loss: 0.000078 | Val Loss: 0.000042
14:12:16 [INFO] WM Epoch 20/20 | Train Loss: 0.000048 | Val Loss: 0.000044
14:12:16 [INFO] World model val metrics — State MSE: 0.000041 | Reward MSE: 0.000036
14:12:16 [INFO] World model saved to artifacts/models/wm_sweep.pt
14:12:16 [INFO] World model saved to artifacts/models/wm_sweep.pt
14:12:16 [INFO] Training model-based agent on world model (standard)
14:12:16 [INFO] Agent Episode 0/500 - Reward: 12.06
14:12:16 [INFO] Agent Episode 50/500 - Reward: 9.05
14:12:19 [INFO] Agent Episode 100/500 - Reward: 202.75
14:12:23 [INFO] Agent Episode 150/500 - Reward: 117.92
14:12:26 [INFO] Agent Episode 200/500 - Reward: 109.21
14:12:29 [INFO] Agent Episode 250/500 - Reward: 105.78
14:12:32 [INFO] Agent Episode 300/500 - Reward: 140.89
14:12:36 [INFO] Agent Episode 350/500 - Reward: 115.80
14:12:40 [INFO] Agent Episode 400/500 - Reward: 160.27
14:12:44 [INFO] Agent Episode 450/500 - Reward: 130.20
14:12:48 [INFO] model-based agent saved to artifacts/models/agent_modelbased.pt | real interactions: 6540
14:12:48 [INFO] Evaluation (15 eps): mean=12.3, std=1.6, max=15.0
14:12:48 [INFO] === Model-free agent ===
14:12:48 [INFO] Loading model-free agent from artifacts/models/agent_modelfree.pt
14:12:48 [INFO] Evaluation (15 eps): mean=134.4, std=6.2, max=145.0
14:12:48 [INFO] === Random agent ===
14:12:48 [INFO] Evaluation (15 eps): mean=23.7, std=15.1, max=72.0
14:12:48 [INFO] Results — Model-based: 12.3 (real interactions: 6540) | Model-free: 134.4 (real interactions: 0) | Random: 23.7 (real interactions: 0)
